[stradarkmond.litrix.dev/index.html]
[backblue.gif]
[fade.gif]
[index.html]
[stradarkmond.litrix.dev/wp-json/oembed/1.0/embed7496.json]
[stradarkmond.litrix.dev/feed/index.html]
[stradarkmond.litrix.dev/comments/feed/index.html]
[stradarkmond.litrix.dev/wp-json/oembed/1.0/embed0289]
[stradarkmond.litrix.dev/wp-content/plugins/elementor/assets/css/frontend.min1504.css]
[stradarkmond.litrix.dev/wp-content/uploads/elementor/css/post-515dbe.css]
[stradarkmond.litrix.dev/wp-content/uploads/elementor/css/post-545dbe.css]
[stradarkmond.litrix.dev/wp-content/plugins/elementor/assets/lib/font-awesome/css/all.min1504.css]
[stradarkmond.litrix.dev/wp-content/plugins/elementor/assets/lib/font-awesome/css/v4-shims.min1504.css]
[stradarkmond.litrix.dev/wp-content/plugins/popup-builder-block/build/popup/global605a.css]
[stradarkmond.litrix.dev/wp-content/plugins/popup-builder-block/build/compatibility/frontendc144.css]
[stradarkmond.litrix.dev/wp-content/plugins/qi-addons-for-elementor/assets/css/grid.minbb23.css]
[stradarkmond.litrix.dev/wp-content/plugins/qi-addons-for-elementor/assets/css/helper-parts.minbb23.css]
[stradarkmond.litrix.dev/wp-content/plugins/qi-addons-for-elementor/assets/css/main.minbb23.css]
[stradarkmond.litrix.dev/wp-content/plugins/metform/public/assets/lib/cute-alert/stylebfce.css]
[stradarkmond.litrix.dev/wp-content/plugins/metform/public/assets/css/text-editorbfce.css]
[stradarkmond.litrix.dev/wp-content/plugins/wp-ultimate-review/assets/public/css/content-pagec0b8.css]
[stradarkmond.litrix.dev/wp-includes/css/dashicons.min4d80.css]
[stradarkmond.litrix.dev/wp-content/themes/hello-elementor/assets/css/reset4c8b.css]
[stradarkmond.litrix.dev/wp-content/themes/hello-elementor/assets/css/theme4c8b.css]
[stradarkmond.litrix.dev/wp-content/themes/hello-elementor/assets/css/header-footer4c8b.css]
[stradarkmond.litrix.dev/wp-content/uploads/elementor/css/post-85dbe.css]
[stradarkmond.litrix.dev/wp-content/plugins/qi-addons-for-elementor/assets/plugins/swiper/8.4.5/swiper.min94a4.css]
[stradarkmond.litrix.dev/wp-content/plugins/elementor/assets/lib/animations/styles/fadeIn.min1504.css]
[stradarkmond.litrix.dev/wp-content/plugins/elementor/assets/css/widget-heading.min1504.css]
[stradarkmond.litrix.dev/wp-content/plugins/elementor/assets/css/conditionals/e-swiper.min1504.css]
[stradarkmond.litrix.dev/wp-content/plugins/elementor/assets/css/widget-image.min1504.css]
[stradarkmond.litrix.dev/wp-content/plugins/elementor/assets/css/widget-icon-list.min1504.css]
[stradarkmond.litrix.dev/wp-content/uploads/elementor/css/post-275dbe.css]
[stradarkmond.litrix.dev/wp-content/plugins/elementskit-lite/widgets/init/assets/css/widget-styles3621.css]
[stradarkmond.litrix.dev/wp-content/plugins/elementskit-lite/widgets/init/assets/css/responsive3621.css]
[stradarkmond.litrix.dev/wp-content/plugins/elementskit-lite/modules/elementskit-icon-pack/assets/css/ekiticons3621.css]
[stradarkmond.litrix.dev/wp-content/plugins/elementor/assets/lib/font-awesome/js/v4-shims.min1504.js]
[stradarkmond.litrix.dev/wp-includes/js/jquery/jquery.minf43b.js]
[stradarkmond.litrix.dev/wp-includes/js/jquery/jquery-migrate.min5589.js]
[stradarkmond.litrix.dev/wp-content/plugins/wp-ultimate-review/assets/public/script/content-pagec0b8.js]
[stradarkmond.litrix.dev/wp-json/wp/v2/pages/27.json]
[stradarkmond.litrix.dev/xmlrpc0db0.php]
[stradarkmond.litrix.dev/wp-json/index.html]
[stradarkmond.litrix.dev/business-process-outsourcing/index.html]
[stradarkmond.litrix.dev/datacenter-management/index.html]
[stradarkmond.litrix.dev/fintech-software-development/index.html]
[stradarkmond.litrix.dev/wp-content/uploads/2025/11/intro-image01.jpg]
[stradarkmond.litrix.dev/media-digital-marketing/index.html]
[stradarkmond.litrix.dev/wp-content/uploads/2025/11/pexels-djordje-petrovic-590080-2102416.png]
[stradarkmond.litrix.dev/security-monitoring-services/index.html]
[stradarkmond.litrix.dev/about/index.html]
[stradarkmond.litrix.dev/wp-content/uploads/2025/11/cases02.png]
[stradarkmond.litrix.dev/contact-us/index.html]
[stradarkmond.litrix.dev/wp-content/uploads/2025/11/cases03.png]
[stradarkmond.litrix.dev/wp-content/uploads/2025/11/cases04.png]
[stradarkmond.litrix.dev/cdn-cgi/l/email-protection]
[stradarkmond.litrix.dev/wp-content/uploads/2025/11/pexels-mart-production-7643900-scaled.jpg]
[stradarkmond.litrix.dev/cdn-cgi/scripts/5c5dd728/cloudflare-static/email-decode.min.js]
[stradarkmond.litrix.dev/wp-content/plugins/elementor/assets/lib/animations/styles/fadeInLeft.min1504.css]
[stradarkmond.litrix.dev/wp-content/plugins/elementor/assets/css/widget-google_maps.min1504.css]
[stradarkmond.litrix.dev/wp-content/plugins/elementor/assets/lib/animations/styles/fadeInRight.min1504.css]
[stradarkmond.litrix.dev/wp-includes/js/jquery/ui/core.minb37e.js]
[stradarkmond.litrix.dev/wp-content/plugins/qi-addons-for-elementor/assets/js/main.minbb23.js]
[stradarkmond.litrix.dev/wp-content/plugins/metform/public/assets/lib/cute-alert/cute-alertbfce.js]
[stradarkmond.litrix.dev/wp-content/themes/hello-elementor/assets/js/hello-frontend4c8b.js]
[stradarkmond.litrix.dev/wp-content/plugins/elementskit-lite/libs/framework/assets/js/frontend-script3621.js]
[stradarkmond.litrix.dev/wp-content/plugins/elementskit-lite/widgets/init/assets/js/widget-scripts3621.js]
[stradarkmond.litrix.dev/wp-content/plugins/elementor/assets/js/webpack.runtime.min1504.js]
[stradarkmond.litrix.dev/wp-content/plugins/elementor/assets/js/frontend-modules.min1504.js]
[stradarkmond.litrix.dev/wp-content/plugins/elementor/assets/js/frontend.min1504.js]
[stradarkmond.litrix.dev/wp-content/plugins/qi-addons-for-elementor/assets/plugins/swiper/8.4.5/swiper.min94a4.js]
[stradarkmond.litrix.dev/wp-includes/js/dist/hooks.minaf5f.js]
[stradarkmond.litrix.dev/wp-includes/js/dist/i18n.min1cde.js]
[stradarkmond.litrix.dev/wp-content/plugins/qi-addons-for-elementor/inc/plugins/elementor/assets/js/elementor4d80.js]
[stradarkmond.litrix.dev/wp-content/plugins/elementor-pro/assets/js/webpack-pro.runtime.mine7a7.js]
[stradarkmond.litrix.dev/wp-content/plugins/elementor-pro/assets/js/frontend.mine7a7.js]
[stradarkmond.litrix.dev/wp-content/plugins/elementor-pro/assets/js/elements-handlers.mine7a7.js]
[stradarkmond.litrix.dev/wp-content/plugins/elementskit-lite/widgets/init/assets/js/animate-circle.min3621.js]
[stradarkmond.litrix.dev/index.html]
[stradarkmond.litrix.dev/wp-content/plugins/elementor/assets/css/frontend.min1504.css]
[stradarkmond.litrix.dev/wp-content/uploads/elementor/css/post-515dbe.css]
[stradarkmond.litrix.dev/wp-content/plugins/elementskit-lite/widgets/init/assets/js/elementor3621.js]
[stradarkmond.litrix.dev/wp-content/uploads/elementor/css/post-545dbe.css]
[stradarkmond.litrix.dev/wp-content/plugins/elementor/assets/lib/font-awesome/webfonts/fa-brands-400.eot]
[stradarkmond.litrix.dev/wp-content/plugins/elementor/assets/lib/font-awesome/webfonts/fa-brands-400d41d.eot]
[stradarkmond.litrix.dev/wp-content/plugins/elementor/assets/lib/font-awesome/webfonts/fa-brands-400.woff2]
[stradarkmond.litrix.dev/wp-content/plugins/elementor/assets/lib/font-awesome/webfonts/fa-brands-400.woff]
[stradarkmond.litrix.dev/wp-content/plugins/elementor/assets/lib/font-awesome/webfonts/fa-brands-400.ttf]
[stradarkmond.litrix.dev/wp-content/plugins/elementor/assets/lib/font-awesome/webfonts/fa-brands-400.svg]
[stradarkmond.litrix.dev/wp-content/plugins/elementor/assets/lib/font-awesome/webfonts/fa-regular-400.eot]
[stradarkmond.litrix.dev/wp-content/plugins/elementor/assets/lib/font-awesome/webfonts/fa-regular-400d41d.eot]
[stradarkmond.litrix.dev/wp-content/plugins/elementor/assets/lib/font-awesome/webfonts/fa-regular-400.woff2]
[stradarkmond.litrix.dev/wp-content/plugins/elementor/assets/lib/font-awesome/webfonts/fa-regular-400.woff]
[stradarkmond.litrix.dev/wp-content/plugins/elementor/assets/lib/font-awesome/webfonts/fa-regular-400.ttf]
[stradarkmond.litrix.dev/wp-content/plugins/elementor/assets/lib/font-awesome/webfonts/fa-regular-400.svg]
[stradarkmond.litrix.dev/wp-content/plugins/elementor/assets/lib/font-awesome/webfonts/fa-solid-900.eot]
[stradarkmond.litrix.dev/wp-content/plugins/elementor/assets/lib/font-awesome/webfonts/fa-solid-900d41d.eot]
[stradarkmond.litrix.dev/wp-content/plugins/elementor/assets/lib/font-awesome/webfonts/fa-solid-900.woff2]
[stradarkmond.litrix.dev/wp-content/plugins/elementor/assets/lib/font-awesome/webfonts/fa-solid-900.woff]
[stradarkmond.litrix.dev/wp-content/plugins/elementor/assets/lib/font-awesome/webfonts/fa-solid-900.ttf]
[stradarkmond.litrix.dev/wp-content/plugins/elementor/assets/lib/font-awesome/css/all.min1504.css]
[stradarkmond.litrix.dev/wp-content/plugins/elementor/assets/lib/font-awesome/css/v4-shims.min1504.css]
[stradarkmond.litrix.dev/wp-content/plugins/popup-builder-block/build/popup/global605a.css]
[stradarkmond.litrix.dev/wp-content/plugins/popup-builder-block/build/compatibility/frontendc144.css]
[stradarkmond.litrix.dev/wp-content/plugins/qi-addons-for-elementor/assets/css/grid.minbb23.css]
[stradarkmond.litrix.dev/wp-content/plugins/qi-addons-for-elementor/assets/css/helper-parts.minbb23.css]
[stradarkmond.litrix.dev/wp-content/plugins/qi-addons-for-elementor/assets/css/main.minbb23.css]
[stradarkmond.litrix.dev/wp-content/plugins/metform/public/assets/lib/cute-alert/stylebfce.css]
[stradarkmond.litrix.dev/wp-content/plugins/metform/public/assets/css/text-editorbfce.css]
[stradarkmond.litrix.dev/wp-content/plugins/wp-ultimate-review/assets/public/css/content-pagec0b8.css]
[stradarkmond.litrix.dev/wp-content/plugins/elementor/assets/lib/font-awesome/webfonts/fa-solid-900.svg]
[stradarkmond.litrix.dev/wp-includes/fonts/dashicons7d4b.eot]
[stradarkmond.litrix.dev/wp-includes/css/dashicons.min4d80.css]
[stradarkmond.litrix.dev/wp-content/themes/hello-elementor/assets/css/reset4c8b.css]
[stradarkmond.litrix.dev/wp-content/themes/hello-elementor/assets/css/theme4c8b.css]
[stradarkmond.litrix.dev/wp-content/themes/hello-elementor/assets/css/header-footer4c8b.css]
[stradarkmond.litrix.dev/wp-content/uploads/elementor/css/post-85dbe.css]
[stradarkmond.litrix.dev/wp-content/plugins/qi-addons-for-elementor/assets/plugins/swiper/8.4.5/swiper.min94a4.css]
[stradarkmond.litrix.dev/wp-content/plugins/elementor/assets/lib/animations/styles/fadeIn.min1504.css]
[stradarkmond.litrix.dev/wp-content/plugins/elementor/assets/css/widget-heading.min1504.css]
[stradarkmond.litrix.dev/wp-content/plugins/elementor/assets/css/conditionals/e-swiper.min1504.css]
[stradarkmond.litrix.dev/wp-content/plugins/elementor/assets/css/widget-image.min1504.css]
[stradarkmond.litrix.dev/wp-content/plugins/elementor/assets/css/widget-icon-list.min1504.css]
[stradarkmond.litrix.dev/wp-includes/fonts/dashicons7d4b.ttf]
[stradarkmond.litrix.dev/wp-content/uploads/elementor/css/post-275dbe.css]
[stradarkmond.litrix.dev/wp-content/plugins/elementskit-lite/widgets/init/assets/img/arrow.png]
[stradarkmond.litrix.dev/wp-content/plugins/elementskit-lite/widgets/init/assets/img/sort_asc.png]
[stradarkmond.litrix.dev/wp-content/plugins/elementskit-lite/widgets/init/assets/img/sort_desc.png]
[stradarkmond.litrix.dev/wp-content/plugins/elementskit-lite/widgets/init/assets/img/sort_asc_disabled.png]
[stradarkmond.litrix.dev/wp-content/plugins/elementskit-lite/widgets/init/assets/css/widget-styles3621.css]
[stradarkmond.litrix.dev/wp-content/plugins/elementskit-lite/widgets/init/assets/css/responsive3621.css]
[fonts.googleapis.com/css9456.css]
[stradarkmond.litrix.dev/wp-content/plugins/elementskit-lite/widgets/init/assets/img/cross-out.svg]
[stradarkmond.litrix.dev/wp-content/plugins/elementskit-lite/modules/elementskit-icon-pack/assets/fonts/elementskitf60a.woff]
[stradarkmond.litrix.dev/wp-content/plugins/elementskit-lite/modules/elementskit-icon-pack/assets/css/ekiticons3621.css]
[stradarkmond.litrix.dev/xmlrpc0db0.html]
[stradarkmond.litrix.dev/wp-json/oembed/1.0/embed0879.json]
[stradarkmond.litrix.dev/wp-json/oembed/1.0/embedbb24]
[stradarkmond.litrix.dev/wp-content/uploads/elementor/css/post-1266177.css]
[stradarkmond.litrix.dev/wp-json/wp/v2/pages/126.json]
[stradarkmond.litrix.dev/wp-content/uploads/2025/11/pexels-karola-g-5239815-scaled.jpg]
[stradarkmond.litrix.dev/wp-content/uploads/2025/11/1-1.jpg]
[stradarkmond.litrix.dev/wp-content/uploads/2025/11/2.jpg]
[stradarkmond.litrix.dev/wp-content/uploads/2025/11/3.jpg]
[stradarkmond.litrix.dev/fintech-software-development/index.html]
[stradarkmond.litrix.dev/wp-content/plugins/qi-addons-for-elementor/assets/plugins/fslightbox/fslightbox.min4d80.js]
[stradarkmond.litrix.dev/wp-json/oembed/1.0/embed6e52.json]
[stradarkmond.litrix.dev/wp-json/oembed/1.0/embed81b0]
[stradarkmond.litrix.dev/wp-content/uploads/elementor/css/post-1468b9a.css]
[stradarkmond.litrix.dev/wp-json/wp/v2/pages/146.json]
[stradarkmond.litrix.dev/wp-content/uploads/2025/11/pexels-fauxels-3182755-scaled.jpg]
[stradarkmond.litrix.dev/wp-content/uploads/2025/11/cases08.jpg]
[stradarkmond.litrix.dev/wp-content/uploads/2025/11/cases09.jpg]
[stradarkmond.litrix.dev/wp-content/uploads/2025/11/cases02-1.jpg]
[stradarkmond.litrix.dev/business-process-outsourcing/index.html]
[stradarkmond.litrix.dev/wp-json/oembed/1.0/embedad0d.json]
[stradarkmond.litrix.dev/wp-json/oembed/1.0/embed01a5]
[stradarkmond.litrix.dev/wp-content/uploads/elementor/css/post-173baf5.css]
[stradarkmond.litrix.dev/wp-json/wp/v2/pages/173.json]
[stradarkmond.litrix.dev/wp-content/uploads/2025/11/multi-image01.jpg]
[stradarkmond.litrix.dev/datacenter-management/index.html]
[stradarkmond.litrix.dev/wp-json/oembed/1.0/embed27cd.json]
[stradarkmond.litrix.dev/wp-json/oembed/1.0/embedb02f]
[stradarkmond.litrix.dev/wp-content/uploads/elementor/css/post-2364a78.css]
[stradarkmond.litrix.dev/wp-json/wp/v2/pages/236.json]
[stradarkmond.litrix.dev/wp-content/uploads/2025/11/pexels-canvastudio-3194519-scaled.jpg]
[stradarkmond.litrix.dev/media-digital-marketing/index.html]
[stradarkmond.litrix.dev/wp-json/oembed/1.0/embed28c1.json]
[stradarkmond.litrix.dev/wp-json/oembed/1.0/embede0ac]
[stradarkmond.litrix.dev/wp-content/uploads/elementor/css/post-230ef05.css]
[stradarkmond.litrix.dev/security-monitoring-services/index.html]
[stradarkmond.litrix.dev/wp-json/wp/v2/pages/230.json]
[stradarkmond.litrix.dev/wp-json/oembed/1.0/embed1b5a.json]
[stradarkmond.litrix.dev/wp-json/oembed/1.0/embed1b58]
[stradarkmond.litrix.dev/wp-content/uploads/elementor/css/post-300972.css]
[stradarkmond.litrix.dev/wp-json/wp/v2/pages/30.json]
[stradarkmond.litrix.dev/about/index.html]
[stradarkmond.litrix.dev/wp-includes/js/jquery/ui/accordion.minb37e.js]
[stradarkmond.litrix.dev/wp-json/oembed/1.0/embede281.json]
[stradarkmond.litrix.dev/wp-json/oembed/1.0/embed5746]
[stradarkmond.litrix.dev/wp-content/uploads/elementor/css/post-987ee2.css]
[stradarkmond.litrix.dev/wp-json/wp/v2/pages/98.json]
[stradarkmond.litrix.dev/wp-content/uploads/forminator/103_03ecb32f00a23ad3ce69617e518378b8/css/style-1039f6a.css]
[stradarkmond.litrix.dev/wp-content/plugins/forminator/assets/forminator-ui/css/forminator-icons.min7772.css]
[stradarkmond.litrix.dev/wp-content/plugins/forminator/assets/forminator-ui/css/src/forminator-utilities.min7772.css]
[stradarkmond.litrix.dev/wp-content/plugins/forminator/assets/forminator-ui/css/src/grid/forminator-grid.open.min7772.css]
[stradarkmond.litrix.dev/wp-content/plugins/forminator/assets/forminator-ui/css/src/form/forminator-form-default.base.min7772.css]
[stradarkmond.litrix.dev/wp-content/plugins/forminator/assets/forminator-ui/css/src/form/forminator-form-default.full.min7772.css]
[stradarkmond.litrix.dev/wp-content/plugins/forminator/assets/css/intlTelInput.minfa0c.css]
[stradarkmond.litrix.dev/wp-includes/css/buttons.min4d80.css]
[stradarkmond.litrix.dev/wp-content/plugins/forminator/assets/js/library/jquery.validate.min7772.js]
[stradarkmond.litrix.dev/wp-content/plugins/forminator/assets/forminator-ui/js/forminator-form.min7772.js]
[stradarkmond.litrix.dev/wp-content/plugins/forminator/build/front/front.multi.min7772.js]
[stradarkmond.litrix.dev/contact-us/index.html]
[stradarkmond.com/wp-content/uploads/2025/11/logo-main.html]
[stradarkmond.litrix.dev/cdn-cgi/l/email-protection.html]
[stradarkmond.litrix.dev/wp-content/plugins/elementor/assets/lib/animations/styles/fadeInLeft.min1504.css]
[stradarkmond.litrix.dev/wp-content/plugins/elementor/assets/css/widget-google_maps.min1504.css]
[stradarkmond.litrix.dev/wp-content/plugins/elementor/assets/lib/animations/styles/fadeInRight.min1504.css]
[stradarkmond.com/wp-content/uploads/2025/11/35-1.html]
[stradarkmond.litrix.dev/wp-content/plugins/elementor/assets/lib/font-awesome/webfonts/fa-brands-400.svg]
[stradarkmond.litrix.dev/wp-content/plugins/elementor/assets/lib/font-awesome/webfonts/fa-regular-400.svg]
[stradarkmond.litrix.dev/wp-content/plugins/forminator/assets/js/library/intlTelInput.min7772.js]
[stradarkmond.litrix.dev/wp-content/plugins/elementor/assets/lib/font-awesome/webfonts/fa-solid-900.svg]
[stradarkmond.com/wp-content/uploads/2025/11/side-figure01.html]
[stradarkmond.litrix.dev/wp-content/plugins/elementskit-lite/widgets/init/assets/img/cross-out.svg]
[stradarkmond.litrix.dev/wp-content/uploads/elementor/css/post-1266177.css]
[stradarkmond.litrix.dev/index4ab3.html]
[stradarkmond.litrix.dev/wp-content/uploads/2025/11/pexels-pixabay-416405-scaled.jpg]
[stradarkmond.litrix.dev/wp-content/uploads/elementor/css/post-1468b9a.css]
[stradarkmond.litrix.dev/indexf488.html]
[stradarkmond.litrix.dev/wp-content/uploads/elementor/css/post-173baf5.css]
[stradarkmond.litrix.dev/indexec4a.html]
[stradarkmond.litrix.dev/wp-content/uploads/elementor/css/post-2364a78.css]
[stradarkmond.litrix.dev/index0133.html]
[stradarkmond.litrix.dev/wp-content/uploads/2025/11/pexels-sora-shimazaki-5935787-scaled.jpg]
[stradarkmond.litrix.dev/wp-content/uploads/elementor/css/post-230ef05.css]
[stradarkmond.litrix.dev/index9fa1.html]
[stradarkmond.litrix.dev/wp-content/uploads/elementor/css/post-300972.css]
[stradarkmond.litrix.dev/index5643.html]
[stradarkmond.litrix.dev/wp-content/uploads/2025/11/pexels-vlada-karpovich-7433843-scaled.jpg]
[stradarkmond.litrix.dev/wp-content/uploads/elementor/css/post-987ee2.css]
[stradarkmond.litrix.dev/indexb6ad.html]
[stradarkmond.litrix.dev/wp-content/uploads/forminator/103_03ecb32f00a23ad3ce69617e518378b8/css/style-1039f6a.css]
[stradarkmond.litrix.dev/wp-content/plugins/forminator/assets/forminator-ui/fonts/forminator-icons-font8782.eot]
[stradarkmond.litrix.dev/wp-content/plugins/forminator/assets/forminator-ui/fonts/forminator-icons-font8782.woff2]
[stradarkmond.litrix.dev/wp-content/plugins/forminator/assets/forminator-ui/fonts/forminator-icons-font8782.woff]
[stradarkmond.litrix.dev/wp-content/plugins/forminator/assets/forminator-ui/fonts/forminator-icons-font8782.ttf]
[stradarkmond.litrix.dev/wp-content/plugins/forminator/assets/forminator-ui/css/forminator-icons.min7772.css]
[stradarkmond.litrix.dev/wp-content/plugins/forminator/assets/forminator-ui/css/src/forminator-utilities.min7772.css]
[stradarkmond.litrix.dev/wp-content/plugins/forminator/assets/forminator-ui/css/src/grid/forminator-grid.open.min7772.css]
[stradarkmond.litrix.dev/wp-content/plugins/forminator/assets/forminator-ui/css/src/form/forminator-form-default.base.min7772.css]
[stradarkmond.litrix.dev/wp-content/plugins/forminator/assets/forminator-ui/css/src/form/forminator-form-default.full.min7772.css]
[stradarkmond.litrix.dev/wp-content/plugins/forminator/assets/forminator-ui/fonts/forminator-icons-font8782.svg]
[stradarkmond.litrix.dev/wp-content/plugins/forminator/assets/img/flags.webp]
[stradarkmond.litrix.dev/wp-content/plugins/forminator/assets/img/flags@2x.webp]
[stradarkmond.litrix.dev/wp-content/plugins/forminator/assets/img/globe.webp]
[stradarkmond.litrix.dev/wp-content/plugins/forminator/assets/img/globe@2x.webp]
[stradarkmond.litrix.dev/wp-content/plugins/forminator/assets/css/intlTelInput.minfa0c.css]
[stradarkmond.litrix.dev/wp-includes/css/buttons.min4d80.css]
[stradarkmond.com/wp-content/uploads/2025/11/pexels-hillaryfox-1595385-scaled.html]
[stradarkmond.litrix.dev/wp-content/plugins/forminator/assets/forminator-ui/fonts/forminator-icons-font8782.svg]
